// Jest Snapshot v1, https://goo.gl/fbAQLP

exports[`canvas should be painted with white after applying fillWithWhite func 1`] = `
Array [
  Object {
    "props": Object {
      "value": "#fff",
    },
    "transform": Array [
      1,
      0,
      0,
      1,
      0,
      0,
    ],
    "type": "fillStyle",
  },
  Object {
    "props": Object {
      "height": 128,
      "width": 128,
      "x": 0,
      "y": 0,
    },
    "transform": Array [
      1,
      0,
      0,
      1,
      0,
      0,
    ],
    "type": "fillRect",
  },
]
`;
